---
source: processor/src/fast/tests/masm_consistency.rs
assertion_line: 352
expression: fast_err
---
OperationError {
    label: SourceSpan {
        source_id: SourceId(
            4294967295,
        ),
        start: ByteIndex(
            0,
        ),
        end: ByteIndex(
            0,
        ),
    },
    source_file: None,
    err: NotBinaryValueLoop {
        value: 100,
    },
}
