---
source: processor/src/fast/tests/all_ops.rs
expression: fast_stack_outputs
---
Err(
    MemoryError {
        label: SourceSpan {
            source_id: SourceId(
                4294967295,
            ),
            start: ByteIndex(
                0,
            ),
            end: ByteIndex(
                0,
            ),
        },
        source_file: None,
        err: UnalignedWordAccess {
            addr: 13,
            ctx: ContextId(
                0,
            ),
        },
    },
)
