---
source: processor/src/fast/tests/all_ops.rs
expression: fast_stack_outputs
---
Ok(
    StackOutputs {
        elements: [
            1,
            0,
            2,
            3,
            4,
            5,
            6,
            7,
            0,
            0,
            0,
            0,
            0,
            0,
            0,
            0,
        ],
    },
)
