---
source: processor/src/fast/tests/masm_consistency.rs
expression: fast_stack_outputs
---
StackOutputs {
    elements: [
        88,
        16,
        16,
        16,
        16,
        16,
        16,
        51,
        16,
        16,
        16,
        16,
        16,
        16,
        16,
        16,
    ],
}
