---
source: processor/src/fast/tests/all_ops.rs
expression: fast_stack_outputs
---
Ok(
    StackOutputs {
        elements: [
            0,
            0,
            0,
            0,
            0,
            0,
            0,
            0,
            9,
            10,
            11,
            12,
            8,
            0,
            0,
            0,
        ],
    },
)
