---
source: processor/src/fast/tests/all_ops.rs
expression: fast_stack_outputs
---
Ok(
    StackOutputs {
        elements: [
            0,
            0,
            0,
            0,
            0,
            0,
            0,
            0,
            0,
            0,
            0,
            0,
            1,
            2,
            3,
            0,
        ],
    },
)
