---
source: core/src/mast/node/basic_block_node/tests.rs
assertion_line: 171
expression: batches
---
[
    OpBatch {
        ops: [
            Add,
            Mul,
            Add,
            Add,
            Add,
            Mul,
            Mul,
            Add,
            Push(
                11,
            ),
            Noop,
            Noop,
        ],
        indptr: [
            0,
            8,
            10,
            10,
            11,
            11,
            11,
            11,
            11,
        ],
        padding: [
            false,
            true,
            false,
            true,
            false,
            false,
            false,
            false,
        ],
        groups: [
            19295441833726370,
            91,
            11,
            0,
            0,
            0,
            0,
            0,
        ],
        num_groups: 4,
    },
]
