---
source: crates/assembly/src/tests.rs
expression: program
---
begin
    join
        basic_block
            push(2147483648)
            push(4294967294)
            mstore
            drop
            pad
            incr
            pad
            push(2)
            pad
        end
        external.0x8052467c52363b45144a505283fa04052ddc8bdc7d25899fad0ecd8a4246935f
    end
end
