---
source: crates/assembly/src/tests.rs
expression: program
---
begin
    join
        join
            basic_block
                push(2147483648)
                push(4294967294)
                mstore
                drop
                push(4)
                push(3)
                noop
                noop
                noop
                noop
            end
            external.0xf34befe5b657a0fb0222962f53ef81429084c9cd1cd41454c945351e5b2361e2
        end
        call.0x20234ee941e53a15886e733cc8e041198c6e90d2a16ea18ce1030e8c3596dd38
    end
end
